---
source: lore-store/src/store.rs
expression: snapshot

---

input:
    kind spotify:kind:artist

output:

Ok(
    Store {
        aliases: [],
        attributes: [],
        directives: [],
        kinds: [
            Kind {
                name: Name {
                    alias: None,
                    uri: URI(
                        "spotify:kind:artist",
                    ),
                },
            },
        ],
    },
)

