---
source: lore-parser/src/parser.rs
expression: snapshot

---

input:
    attr Name

output:

Ok(
    Structure {
        items: [
            Attribute {
                name: Alias(
                    "Name",
                ),
            },
        ],
    },
)

