---
source: lore-parser/src/parser.rs
expression: snapshot

---

input:
    kind

output:

Err(
    KindIsMissingAName,
)

