---
source: lore-parser/src/validator.rs
expression: snapshot

---

input:
     prefix spotify:artist:2Hkut4rAAyrQxRdof7FVJq as @Rush 

output:

Ok(
    Structure {
        kinds: [],
        attributes: [],
        relations: [],
    },
)

