---
source: lore-parser/src/parser.rs
expression: snapshot

---

input:
    rel Artist

output:

Err(
    ParseError {
        src: NamedSource {
            name: "$name",
            source: "<redacted>",
        ,
        span: SourceSpan {
            offset: SourceOffset(
                10,
            ),
            length: SourceOffset(
                0,
            ),
        },
        filename: "$name",
        error: RelationExpectedPredicateToBeName,
    },
)

