---
source: lore-parser/src/parser.rs
expression: snapshot

---

input:
     attr Name { 

output:

Err(
    IncompleteFieldBlock,
)

