---
source: lore-parser/src/parser.rs
expression: snapshot

---

input:
     use as Rush 

output:

Err(
    UseExpectsURI,
)

