---
source: lore-parser/src/parser.rs
expression: snapshot

---

input:
     attr Name {} 

output:

Ok(
    Structure {
        filename: "$name",
        items: [
            Attribute {
                name: Alias(
                    "Name",
                ),
                fields: [],
            },
        ],
    },
)

