---
source: lore-parser/src/parser.rs
expression: snapshot

---

input:
     prefix 2Hkut4rAAyrQxRdof7FVJq as @Rush 

output:

Err(
    UseExpectsURI,
)

