---
source: lore-parser/src/parser.rs
expression: snapshot

---

input:
    rel Artist has

output:

Err(
    RelationExpectedObjectToBeName,
)

