---
source: lore-parser/src/parser.rs
expression: snapshot

---

input:
    kind Hello

output:

Ok(
    Structure {
        items: [
            Kind {
                name: Alias(
                    "Hello",
                ),
                fields: [],
            },
        ],
    },
)

