---
source: lore-parser/src/parser.rs
expression: snapshot

---

input:
     prefix spotify:hello as

output:

Err(
    PrefixIsMissingTheAliasedName,
)

