---
source: lore-parser/src/parser.rs
expression: snapshot

---

input:
     use spotify:hello Rush 

output:

Err(
    UseIsMissingTheAsKeyword,
)

