---
source: lore-parser/src/parser.rs
expression: snapshot

---

input:
    rel spotify:kinds/Artist

output:

Err(
    RelationExpectedPredicateToBeName,
)

